// Jest Snapshot v1, https://goo.gl/fbAQLP

exports[`renders ThemeSwitch unchanged 1`] = `
<div>
  <button
    aria-label="Toggle Dark Mode"
    class="ml-1 mr-1 h-8 w-8 rounded p-1 sm:ml-4"
    data-testid="theme-button"
    type="button"
  >
    <svg
      class="text-gray-900 dark:text-gray-100"
      fill="currentColor"
      viewBox="0 0 20 20"
      xmlns="http://www.w3.org/2000/svg"
    >
      <path
        d="M17.293 13.293A8 8 0 016.707 2.707a8.001 8.001 0 1010.586 10.586z"
        data-testid="light-theme"
      />
    </svg>
  </button>
</div>
`;
