// Jest Snapshot v1, https://goo.gl/fbAQLP

exports[`renders VolunteerItem correctly 1`] = `
<div>
  <div
    data-testid="vol-microsoft-teals"
  >
    <h3>
      Microsoft Teals
    </h3>
    <h4>
      Volunteer Teacher
    </h4>
    <h5>
      2020 - 2020
    </h5>
    <p>
      test
    </p>
  </div>
</div>
`;
